
========== S1-S7 ==========
No valid CA-inclusive CSP data found for targets in /Users/tiburon/Desktop/GTM_Research/01_Active_Projects/new_CSP_UBQ/CSP_UBQ/outputs/si_figs_s1_s9_aux/targets_hydrolases.csv
No valid HA/CA CSP data found for targets in /Users/tiburon/Desktop/GTM_Research/01_Active_Projects/new_CSP_UBQ/CSP_UBQ/outputs/si_figs_s1_s9_aux/targets_hydrolases.csv
No valid CA-inclusive CSP data found for targets with matching last authors
No valid HA/CA CSP data found for targets with matching last authors
Filtering to 21 targets from /Users/tiburon/Desktop/GTM_Research/01_Active_Projects/new_CSP_UBQ/CSP_UBQ/outputs/si_figs_s1_s9_aux/targets_hydrolases.csv
Significant CSPs predicted significant: 230
Significant CSPs missed: 432

Aggregate F1 (accumulated across 21 targets): 0.4523
Aggregate MCC: 0.2983
  TP=230, FP=123, FN=434, TN=1079
Heatmap saved to /Users/tiburon/Desktop/GTM_Research/01_Active_Projects/new_CSP_UBQ/CSP_UBQ/outputs/si_figs_s1_s9_aux/si_figs_s1_s9_hydrolases.png
Histogram saved to /Users/tiburon/Desktop/GTM_Research/01_Active_Projects/new_CSP_UBQ/CSP_UBQ/outputs/si_figs_s1_s9_aux/si_figs_s1_s9_hydrolases_hist.png
Stacked histogram saved to /Users/tiburon/Desktop/GTM_Research/01_Active_Projects/new_CSP_UBQ/CSP_UBQ/figures/SF1_hydrolases_stacked_hist.png
Confusion matrix stacked histogram saved to /Users/tiburon/Desktop/GTM_Research/01_Active_Projects/new_CSP_UBQ/CSP_UBQ/figures/SF1_hydrolases_confusion_stacked_hist.png
Summary table written to /Users/tiburon/Desktop/GTM_Research/01_Active_Projects/new_CSP_UBQ/CSP_UBQ/outputs/si_figs_s1_s9_aux/si_figs_s1_s9_hydrolases_summary.csv
[ORCH] Writing NH F1 summaries into /Users/tiburon/Desktop/GTM_Research/01_Active_Projects/new_CSP_UBQ/CSP_UBQ/outputs/si_figs_s1_s9_aux/si_figs_s1_s9_hydrolases_summary_statistics
[ORCH] Running N-H-CA F1 analysis (analyze_targets_ca)
Processing 21 targets from /Users/tiburon/Desktop/GTM_Research/01_Active_Projects/new_CSP_UBQ/CSP_UBQ/outputs/si_figs_s1_s9_aux/targets_hydrolases.csv for CA-inclusive CSPs
[ORCH] Running HA-CA F1 analysis (analyze_targets_ca)
Processing 21 targets from /Users/tiburon/Desktop/GTM_Research/01_Active_Projects/new_CSP_UBQ/CSP_UBQ/outputs/si_figs_s1_s9_aux/targets_hydrolases.csv for HA/CA CSPs
[ORCH] Running same-author N-H-CA F1 analysis (analyze_targets_same_author)
Found 0 targets with matching last authors from data/CSP_UBQ.csv
[ORCH] Running same-author HA-CA F1 analysis (analyze_targets_same_author)
Found 0 targets with matching last authors from data/CSP_UBQ.csv
[ORCH] Running single-atom 1D analysis helper (analyze_targets_single_atom_shifts)
No valid CA-inclusive CSP data found for targets in /Users/tiburon/Desktop/GTM_Research/01_Active_Projects/new_CSP_UBQ/CSP_UBQ/outputs/si_figs_s1_s9_aux/targets_transferases.csv
No valid HA/CA CSP data found for targets in /Users/tiburon/Desktop/GTM_Research/01_Active_Projects/new_CSP_UBQ/CSP_UBQ/outputs/si_figs_s1_s9_aux/targets_transferases.csv
No valid CA-inclusive CSP data found for targets with matching last authors
No valid HA/CA CSP data found for targets with matching last authors
Filtering to 35 targets from /Users/tiburon/Desktop/GTM_Research/01_Active_Projects/new_CSP_UBQ/CSP_UBQ/outputs/si_figs_s1_s9_aux/targets_transferases.csv
Significant CSPs predicted significant: 317
Significant CSPs missed: 631

Aggregate F1 (accumulated across 37 targets): 0.4069
Aggregate MCC: 0.2260
  TP=317, FP=291, FN=633, TN=1807
Heatmap saved to /Users/tiburon/Desktop/GTM_Research/01_Active_Projects/new_CSP_UBQ/CSP_UBQ/outputs/si_figs_s1_s9_aux/si_figs_s1_s9_transferases.png
Histogram saved to /Users/tiburon/Desktop/GTM_Research/01_Active_Projects/new_CSP_UBQ/CSP_UBQ/outputs/si_figs_s1_s9_aux/si_figs_s1_s9_transferases_hist.png
Stacked histogram saved to /Users/tiburon/Desktop/GTM_Research/01_Active_Projects/new_CSP_UBQ/CSP_UBQ/figures/SF2_transferases_stacked_hist.png
Confusion matrix stacked histogram saved to /Users/tiburon/Desktop/GTM_Research/01_Active_Projects/new_CSP_UBQ/CSP_UBQ/figures/SF2_transferases_confusion_stacked_hist.png
Summary table written to /Users/tiburon/Desktop/GTM_Research/01_Active_Projects/new_CSP_UBQ/CSP_UBQ/outputs/si_figs_s1_s9_aux/si_figs_s1_s9_transferases_summary.csv
[ORCH] Writing NH F1 summaries into /Users/tiburon/Desktop/GTM_Research/01_Active_Projects/new_CSP_UBQ/CSP_UBQ/outputs/si_figs_s1_s9_aux/si_figs_s1_s9_transferases_summary_statistics
[ORCH] Running N-H-CA F1 analysis (analyze_targets_ca)
Processing 35 targets from /Users/tiburon/Desktop/GTM_Research/01_Active_Projects/new_CSP_UBQ/CSP_UBQ/outputs/si_figs_s1_s9_aux/targets_transferases.csv for CA-inclusive CSPs
[ORCH] Running HA-CA F1 analysis (analyze_targets_ca)
Processing 35 targets from /Users/tiburon/Desktop/GTM_Research/01_Active_Projects/new_CSP_UBQ/CSP_UBQ/outputs/si_figs_s1_s9_aux/targets_transferases.csv for HA/CA CSPs
[ORCH] Running same-author N-H-CA F1 analysis (analyze_targets_same_author)
Found 0 targets with matching last authors from data/CSP_UBQ.csv
[ORCH] Running same-author HA-CA F1 analysis (analyze_targets_same_author)
Found 0 targets with matching last authors from data/CSP_UBQ.csv
[ORCH] Running single-atom 1D analysis helper (analyze_targets_single_atom_shifts)
No valid CA-inclusive CSP data found for targets in /Users/tiburon/Desktop/GTM_Research/01_Active_Projects/new_CSP_UBQ/CSP_UBQ/outputs/si_figs_s1_s9_aux/targets_all_alpha_proteins.csv
No valid HA/CA CSP data found for targets in /Users/tiburon/Desktop/GTM_Research/01_Active_Projects/new_CSP_UBQ/CSP_UBQ/outputs/si_figs_s1_s9_aux/targets_all_alpha_proteins.csv
No valid CA-inclusive CSP data found for targets with matching last authors
No valid HA/CA CSP data found for targets with matching last authors
Filtering to 22 targets from /Users/tiburon/Desktop/GTM_Research/01_Active_Projects/new_CSP_UBQ/CSP_UBQ/outputs/si_figs_s1_s9_aux/targets_all_alpha_proteins.csv
Significant CSPs predicted significant: 281
Significant CSPs missed: 607

Aggregate F1 (accumulated across 22 targets): 0.4040
Aggregate MCC: 0.1916
  TP=281, FP=221, FN=608, TN=1215
Heatmap saved to /Users/tiburon/Desktop/GTM_Research/01_Active_Projects/new_CSP_UBQ/CSP_UBQ/outputs/si_figs_s1_s9_aux/si_figs_s1_s9_all_alpha_proteins.png
Histogram saved to /Users/tiburon/Desktop/GTM_Research/01_Active_Projects/new_CSP_UBQ/CSP_UBQ/outputs/si_figs_s1_s9_aux/si_figs_s1_s9_all_alpha_proteins_hist.png
Stacked histogram saved to /Users/tiburon/Desktop/GTM_Research/01_Active_Projects/new_CSP_UBQ/CSP_UBQ/figures/SF3_all_alpha_proteins_stacked_hist.png
Confusion matrix stacked histogram saved to /Users/tiburon/Desktop/GTM_Research/01_Active_Projects/new_CSP_UBQ/CSP_UBQ/figures/SF3_all_alpha_proteins_confusion_stacked_hist.png
Summary table written to /Users/tiburon/Desktop/GTM_Research/01_Active_Projects/new_CSP_UBQ/CSP_UBQ/outputs/si_figs_s1_s9_aux/si_figs_s1_s9_all_alpha_proteins_summary.csv
[ORCH] Writing NH F1 summaries into /Users/tiburon/Desktop/GTM_Research/01_Active_Projects/new_CSP_UBQ/CSP_UBQ/outputs/si_figs_s1_s9_aux/si_figs_s1_s9_all_alpha_proteins_summary_statistics
[ORCH] Running N-H-CA F1 analysis (analyze_targets_ca)
Processing 22 targets from /Users/tiburon/Desktop/GTM_Research/01_Active_Projects/new_CSP_UBQ/CSP_UBQ/outputs/si_figs_s1_s9_aux/targets_all_alpha_proteins.csv for CA-inclusive CSPs
[ORCH] Running HA-CA F1 analysis (analyze_targets_ca)
Processing 22 targets from /Users/tiburon/Desktop/GTM_Research/01_Active_Projects/new_CSP_UBQ/CSP_UBQ/outputs/si_figs_s1_s9_aux/targets_all_alpha_proteins.csv for HA/CA CSPs
[ORCH] Running same-author N-H-CA F1 analysis (analyze_targets_same_author)
Found 0 targets with matching last authors from data/CSP_UBQ.csv
[ORCH] Running same-author HA-CA F1 analysis (analyze_targets_same_author)
Found 0 targets with matching last authors from data/CSP_UBQ.csv
[ORCH] Running single-atom 1D analysis helper (analyze_targets_single_atom_shifts)
No valid CA-inclusive CSP data found for targets in /Users/tiburon/Desktop/GTM_Research/01_Active_Projects/new_CSP_UBQ/CSP_UBQ/outputs/si_figs_s1_s9_aux/targets_all_beta_proteins.csv
No valid HA/CA CSP data found for targets in /Users/tiburon/Desktop/GTM_Research/01_Active_Projects/new_CSP_UBQ/CSP_UBQ/outputs/si_figs_s1_s9_aux/targets_all_beta_proteins.csv
No valid CA-inclusive CSP data found for targets with matching last authors
No valid HA/CA CSP data found for targets with matching last authors
Filtering to 24 targets from /Users/tiburon/Desktop/GTM_Research/01_Active_Projects/new_CSP_UBQ/CSP_UBQ/outputs/si_figs_s1_s9_aux/targets_all_beta_proteins.csv
Significant CSPs predicted significant: 233
Significant CSPs missed: 624

Aggregate F1 (accumulated across 25 targets): 0.3900
Aggregate MCC: 0.2919
  TP=233, FP=96, FN=633, TN=1483
Heatmap saved to /Users/tiburon/Desktop/GTM_Research/01_Active_Projects/new_CSP_UBQ/CSP_UBQ/outputs/si_figs_s1_s9_aux/si_figs_s1_s9_all_beta_proteins.png
Histogram saved to /Users/tiburon/Desktop/GTM_Research/01_Active_Projects/new_CSP_UBQ/CSP_UBQ/outputs/si_figs_s1_s9_aux/si_figs_s1_s9_all_beta_proteins_hist.png
Stacked histogram saved to /Users/tiburon/Desktop/GTM_Research/01_Active_Projects/new_CSP_UBQ/CSP_UBQ/figures/SF4_all_beta_proteins_stacked_hist.png
Confusion matrix stacked histogram saved to /Users/tiburon/Desktop/GTM_Research/01_Active_Projects/new_CSP_UBQ/CSP_UBQ/figures/SF4_all_beta_proteins_confusion_stacked_hist.png
Summary table written to /Users/tiburon/Desktop/GTM_Research/01_Active_Projects/new_CSP_UBQ/CSP_UBQ/outputs/si_figs_s1_s9_aux/si_figs_s1_s9_all_beta_proteins_summary.csv
[ORCH] Writing NH F1 summaries into /Users/tiburon/Desktop/GTM_Research/01_Active_Projects/new_CSP_UBQ/CSP_UBQ/outputs/si_figs_s1_s9_aux/si_figs_s1_s9_all_beta_proteins_summary_statistics
[ORCH] Running N-H-CA F1 analysis (analyze_targets_ca)
Processing 24 targets from /Users/tiburon/Desktop/GTM_Research/01_Active_Projects/new_CSP_UBQ/CSP_UBQ/outputs/si_figs_s1_s9_aux/targets_all_beta_proteins.csv for CA-inclusive CSPs
[ORCH] Running HA-CA F1 analysis (analyze_targets_ca)
Processing 24 targets from /Users/tiburon/Desktop/GTM_Research/01_Active_Projects/new_CSP_UBQ/CSP_UBQ/outputs/si_figs_s1_s9_aux/targets_all_beta_proteins.csv for HA/CA CSPs
[ORCH] Running same-author N-H-CA F1 analysis (analyze_targets_same_author)
Found 0 targets with matching last authors from data/CSP_UBQ.csv
[ORCH] Running same-author HA-CA F1 analysis (analyze_targets_same_author)
Found 0 targets with matching last authors from data/CSP_UBQ.csv
[ORCH] Running single-atom 1D analysis helper (analyze_targets_single_atom_shifts)
No valid CA-inclusive CSP data found for targets in /Users/tiburon/Desktop/GTM_Research/01_Active_Projects/new_CSP_UBQ/CSP_UBQ/outputs/si_figs_s1_s9_aux/targets_alpha_and_beta_proteins_a_plus_b.csv
No valid HA/CA CSP data found for targets in /Users/tiburon/Desktop/GTM_Research/01_Active_Projects/new_CSP_UBQ/CSP_UBQ/outputs/si_figs_s1_s9_aux/targets_alpha_and_beta_proteins_a_plus_b.csv
No valid CA-inclusive CSP data found for targets with matching last authors
No valid HA/CA CSP data found for targets with matching last authors
Filtering to 13 targets from /Users/tiburon/Desktop/GTM_Research/01_Active_Projects/new_CSP_UBQ/CSP_UBQ/outputs/si_figs_s1_s9_aux/targets_alpha_and_beta_proteins_a_plus_b.csv
Significant CSPs predicted significant: 141
Significant CSPs missed: 275

Aggregate F1 (accumulated across 15 targets): 0.4372
Aggregate MCC: 0.2936
  TP=141, FP=88, FN=275, TN=799
Heatmap saved to /Users/tiburon/Desktop/GTM_Research/01_Active_Projects/new_CSP_UBQ/CSP_UBQ/outputs/si_figs_s1_s9_aux/si_figs_s1_s9_alpha_and_beta_proteins_a_plus_b.png
Histogram saved to /Users/tiburon/Desktop/GTM_Research/01_Active_Projects/new_CSP_UBQ/CSP_UBQ/outputs/si_figs_s1_s9_aux/si_figs_s1_s9_alpha_and_beta_proteins_a_plus_b_hist.png
Stacked histogram saved to /Users/tiburon/Desktop/GTM_Research/01_Active_Projects/new_CSP_UBQ/CSP_UBQ/figures/SF5_alpha_and_beta_proteins_a_plus_b_stacked_hist.png
Confusion matrix stacked histogram saved to /Users/tiburon/Desktop/GTM_Research/01_Active_Projects/new_CSP_UBQ/CSP_UBQ/figures/SF5_alpha_and_beta_proteins_a_plus_b_confusion_stacked_hist.png
Summary table written to /Users/tiburon/Desktop/GTM_Research/01_Active_Projects/new_CSP_UBQ/CSP_UBQ/outputs/si_figs_s1_s9_aux/si_figs_s1_s9_alpha_and_beta_proteins_a_plus_b_summary.csv
[ORCH] Writing NH F1 summaries into /Users/tiburon/Desktop/GTM_Research/01_Active_Projects/new_CSP_UBQ/CSP_UBQ/outputs/si_figs_s1_s9_aux/si_figs_s1_s9_alpha_and_beta_proteins_a_plus_b_summary_statistics
[ORCH] Running N-H-CA F1 analysis (analyze_targets_ca)
Processing 13 targets from /Users/tiburon/Desktop/GTM_Research/01_Active_Projects/new_CSP_UBQ/CSP_UBQ/outputs/si_figs_s1_s9_aux/targets_alpha_and_beta_proteins_a_plus_b.csv for CA-inclusive CSPs
[ORCH] Running HA-CA F1 analysis (analyze_targets_ca)
Processing 13 targets from /Users/tiburon/Desktop/GTM_Research/01_Active_Projects/new_CSP_UBQ/CSP_UBQ/outputs/si_figs_s1_s9_aux/targets_alpha_and_beta_proteins_a_plus_b.csv for HA/CA CSPs
[ORCH] Running same-author N-H-CA F1 analysis (analyze_targets_same_author)
Found 0 targets with matching last authors from data/CSP_UBQ.csv
[ORCH] Running same-author HA-CA F1 analysis (analyze_targets_same_author)
Found 0 targets with matching last authors from data/CSP_UBQ.csv
[ORCH] Running single-atom 1D analysis helper (analyze_targets_single_atom_shifts)
No valid CA-inclusive CSP data found for targets in /Users/tiburon/Desktop/GTM_Research/01_Active_Projects/new_CSP_UBQ/CSP_UBQ/data/targets_BET_ET.csv
No valid HA/CA CSP data found for targets in /Users/tiburon/Desktop/GTM_Research/01_Active_Projects/new_CSP_UBQ/CSP_UBQ/data/targets_BET_ET.csv
No valid CA-inclusive CSP data found for targets with matching last authors
No valid HA/CA CSP data found for targets with matching last authors
Filtering to 8 targets from /Users/tiburon/Desktop/GTM_Research/01_Active_Projects/new_CSP_UBQ/CSP_UBQ/data/targets_BET_ET.csv
Significant CSPs predicted significant: 66
Significant CSPs missed: 115

Aggregate F1 (accumulated across 8 targets): 0.4505
Aggregate MCC: 0.3058
  TP=66, FP=46, FN=115, TN=389
Heatmap saved to /Users/tiburon/Desktop/GTM_Research/01_Active_Projects/new_CSP_UBQ/CSP_UBQ/outputs/si_figs_s1_s9_aux/si_figs_s1_s9_BET_ET.png
Histogram saved to /Users/tiburon/Desktop/GTM_Research/01_Active_Projects/new_CSP_UBQ/CSP_UBQ/outputs/si_figs_s1_s9_aux/si_figs_s1_s9_BET_ET_hist.png
Stacked histogram saved to /Users/tiburon/Desktop/GTM_Research/01_Active_Projects/new_CSP_UBQ/CSP_UBQ/figures/SF6_BET_ET_stacked_hist.png
Confusion matrix stacked histogram saved to /Users/tiburon/Desktop/GTM_Research/01_Active_Projects/new_CSP_UBQ/CSP_UBQ/figures/SF6_BET_ET_confusion_stacked_hist.png
Summary table written to /Users/tiburon/Desktop/GTM_Research/01_Active_Projects/new_CSP_UBQ/CSP_UBQ/outputs/si_figs_s1_s9_aux/si_figs_s1_s9_BET_ET_summary.csv
[ORCH] Writing NH F1 summaries into /Users/tiburon/Desktop/GTM_Research/01_Active_Projects/new_CSP_UBQ/CSP_UBQ/outputs/si_figs_s1_s9_aux/si_figs_s1_s9_BET_ET_summary_statistics
[ORCH] Running N-H-CA F1 analysis (analyze_targets_ca)
Processing 8 targets from /Users/tiburon/Desktop/GTM_Research/01_Active_Projects/new_CSP_UBQ/CSP_UBQ/data/targets_BET_ET.csv for CA-inclusive CSPs
[ORCH] Running HA-CA F1 analysis (analyze_targets_ca)
Processing 8 targets from /Users/tiburon/Desktop/GTM_Research/01_Active_Projects/new_CSP_UBQ/CSP_UBQ/data/targets_BET_ET.csv for HA/CA CSPs
[ORCH] Running same-author N-H-CA F1 analysis (analyze_targets_same_author)
Found 0 targets with matching last authors from data/CSP_UBQ.csv
[ORCH] Running same-author HA-CA F1 analysis (analyze_targets_same_author)
Found 0 targets with matching last authors from data/CSP_UBQ.csv
[ORCH] Running single-atom 1D analysis helper (analyze_targets_single_atom_shifts)
No valid CA-inclusive CSP data found for targets in /Users/tiburon/Desktop/GTM_Research/01_Active_Projects/new_CSP_UBQ/CSP_UBQ/data/targets_ubiquitin.csv
No valid HA/CA CSP data found for targets in /Users/tiburon/Desktop/GTM_Research/01_Active_Projects/new_CSP_UBQ/CSP_UBQ/data/targets_ubiquitin.csv
No valid CA-inclusive CSP data found for targets with matching last authors
No valid HA/CA CSP data found for targets with matching last authors
Filtering to 2 targets from /Users/tiburon/Desktop/GTM_Research/01_Active_Projects/new_CSP_UBQ/CSP_UBQ/data/targets_ubiquitin.csv
Significant CSPs predicted significant: 28
Significant CSPs missed: 50

Aggregate F1 (accumulated across 3 targets): 0.4746
Aggregate MCC: 0.2822
  TP=28, FP=12, FN=50, TN=87
Heatmap saved to /Users/tiburon/Desktop/GTM_Research/01_Active_Projects/new_CSP_UBQ/CSP_UBQ/outputs/si_figs_s1_s9_aux/si_figs_s1_s9_ubiquitin.png
Histogram saved to /Users/tiburon/Desktop/GTM_Research/01_Active_Projects/new_CSP_UBQ/CSP_UBQ/outputs/si_figs_s1_s9_aux/si_figs_s1_s9_ubiquitin_hist.png
Stacked histogram saved to /Users/tiburon/Desktop/GTM_Research/01_Active_Projects/new_CSP_UBQ/CSP_UBQ/figures/SF7_ubiquitin_stacked_hist.png
Confusion matrix stacked histogram saved to /Users/tiburon/Desktop/GTM_Research/01_Active_Projects/new_CSP_UBQ/CSP_UBQ/figures/SF7_ubiquitin_confusion_stacked_hist.png
Summary table written to /Users/tiburon/Desktop/GTM_Research/01_Active_Projects/new_CSP_UBQ/CSP_UBQ/outputs/si_figs_s1_s9_aux/si_figs_s1_s9_ubiquitin_summary.csv
[ORCH] Writing NH F1 summaries into /Users/tiburon/Desktop/GTM_Research/01_Active_Projects/new_CSP_UBQ/CSP_UBQ/outputs/si_figs_s1_s9_aux/si_figs_s1_s9_ubiquitin_summary_statistics
[ORCH] Running N-H-CA F1 analysis (analyze_targets_ca)
Processing 2 targets from /Users/tiburon/Desktop/GTM_Research/01_Active_Projects/new_CSP_UBQ/CSP_UBQ/data/targets_ubiquitin.csv for CA-inclusive CSPs
[ORCH] Running HA-CA F1 analysis (analyze_targets_ca)
Processing 2 targets from /Users/tiburon/Desktop/GTM_Research/01_Active_Projects/new_CSP_UBQ/CSP_UBQ/data/targets_ubiquitin.csv for HA/CA CSPs
[ORCH] Running same-author N-H-CA F1 analysis (analyze_targets_same_author)
Found 0 targets with matching last authors from data/CSP_UBQ.csv
[ORCH] Running same-author HA-CA F1 analysis (analyze_targets_same_author)
Found 0 targets with matching last authors from data/CSP_UBQ.csv
[ORCH] Running single-atom 1D analysis helper (analyze_targets_single_atom_shifts)
[SI_FIGS_S1_S9] ST2 / SF1 Hydrolase Receptors: 21 targets
  -> Collated: SF1_hydrolases.png
[SI_FIGS_S1_S9] ST3 / SF2 Transferase Receptors: 35 targets
  -> Collated: SF2_transferases.png
[SI_FIGS_S1_S9] ST4 / SF3 All Alpha Receptors: 22 targets
  -> Collated: SF3_all_alpha_proteins.png
[SI_FIGS_S1_S9] ST5 / SF4 All Beta Receptors: 24 targets
  -> Collated: SF4_all_beta_proteins.png
[SI_FIGS_S1_S9] ST6 / SF5 Alpha and Beta (a+b) Receptors: 13 targets
  -> Collated: SF5_alpha_and_beta_proteins_a_plus_b.png
[SI_FIGS_S1_S9] ST7 / SF6 BET-ET Domain Receptors: 8 targets
  -> Collated: SF6_BET_ET.png
[SI_FIGS_S1_S9] ST8 / SF7 Ubiquitin Domain Receptors: 2 targets
  -> Collated: SF7_ubiquitin.png
[SI_FIGS_S1_S9] Completed.
EXIT:0

========== S8 ==========
Wrote 108 rows to /Users/tiburon/Desktop/GTM_Research/01_Active_Projects/new_CSP_UBQ/CSP_UBQ/figures/ST9_dissimilar_apo_holo_conditions.tex
No valid CA-inclusive CSP data found for targets in /Users/tiburon/Desktop/GTM_Research/01_Active_Projects/new_CSP_UBQ/CSP_UBQ/outputs/si_dissimilar_aux/targets_dissimilar_apo_holo_conditions.csv
No valid HA/CA CSP data found for targets in /Users/tiburon/Desktop/GTM_Research/01_Active_Projects/new_CSP_UBQ/CSP_UBQ/outputs/si_dissimilar_aux/targets_dissimilar_apo_holo_conditions.csv
No valid CA-inclusive CSP data found for targets with matching last authors
No valid HA/CA CSP data found for targets with matching last authors
Filtering to 107 targets from /Users/tiburon/Desktop/GTM_Research/01_Active_Projects/new_CSP_UBQ/CSP_UBQ/outputs/si_dissimilar_aux/targets_dissimilar_apo_holo_conditions.csv
Significant CSPs predicted significant: 1063
Significant CSPs missed: 2594

Aggregate F1 (accumulated across 110 targets): 0.3835
Aggregate MCC: 0.2015
  TP=1063, FP=813, FN=2604, TN=5596
Heatmap saved to /Users/tiburon/Desktop/GTM_Research/01_Active_Projects/new_CSP_UBQ/CSP_UBQ/outputs/si_dissimilar_aux/si_fig_dissimilar_apo_holo_conditions.png
Histogram saved to /Users/tiburon/Desktop/GTM_Research/01_Active_Projects/new_CSP_UBQ/CSP_UBQ/outputs/si_dissimilar_aux/si_fig_dissimilar_apo_holo_conditions_hist.png
Stacked histogram saved to /Users/tiburon/Desktop/GTM_Research/01_Active_Projects/new_CSP_UBQ/CSP_UBQ/figures/SF8_dissimilar_apo_holo_conditions_stacked_hist.png
Confusion matrix stacked histogram saved to /Users/tiburon/Desktop/GTM_Research/01_Active_Projects/new_CSP_UBQ/CSP_UBQ/figures/SF8_dissimilar_apo_holo_conditions_confusion_stacked_hist.png
Summary table written to /Users/tiburon/Desktop/GTM_Research/01_Active_Projects/new_CSP_UBQ/CSP_UBQ/outputs/si_dissimilar_aux/si_fig_dissimilar_apo_holo_conditions_summary.csv
[ORCH] Writing NH F1 summaries into /Users/tiburon/Desktop/GTM_Research/01_Active_Projects/new_CSP_UBQ/CSP_UBQ/outputs/si_dissimilar_aux/si_figs_dissimilar_apo_holo_conditions_summary_statistics
[ORCH] Running N-H-CA F1 analysis (analyze_targets_ca)
Processing 107 targets from /Users/tiburon/Desktop/GTM_Research/01_Active_Projects/new_CSP_UBQ/CSP_UBQ/outputs/si_dissimilar_aux/targets_dissimilar_apo_holo_conditions.csv for CA-inclusive CSPs
[ORCH] Running HA-CA F1 analysis (analyze_targets_ca)
Processing 107 targets from /Users/tiburon/Desktop/GTM_Research/01_Active_Projects/new_CSP_UBQ/CSP_UBQ/outputs/si_dissimilar_aux/targets_dissimilar_apo_holo_conditions.csv for HA/CA CSPs
[ORCH] Running same-author N-H-CA F1 analysis (analyze_targets_same_author)
Found 0 targets with matching last authors from data/CSP_UBQ.csv
[ORCH] Running same-author HA-CA F1 analysis (analyze_targets_same_author)
Found 0 targets with matching last authors from data/CSP_UBQ.csv
[ORCH] Running single-atom 1D analysis helper (analyze_targets_single_atom_shifts)
Wrote 108 dissimilar rows to /Users/tiburon/Desktop/GTM_Research/01_Active_Projects/new_CSP_UBQ/CSP_UBQ/outputs/si_dissimilar_aux/CSP_UBQ_dissimilar_experimental_conditions.csv
Wrote 107 holo_pdb targets to /Users/tiburon/Desktop/GTM_Research/01_Active_Projects/new_CSP_UBQ/CSP_UBQ/outputs/si_dissimilar_aux/targets_dissimilar_apo_holo_conditions.csv
SI Fig. S9 saved to /Users/tiburon/Desktop/GTM_Research/01_Active_Projects/new_CSP_UBQ/CSP_UBQ/figures/SF8_dissimilar_apo_holo_conditions.png
EXIT:0

========== S9 ==========
[WARN] No outputs subdirectory matches holo_pdb='2RSE' apo_bmrb='16925' holo_bmrb='11471'
[WARN] No outputs subdirectory matches holo_pdb='2KID' apo_bmrb='19826' holo_bmrb='16270'
[WARN] No outputs subdirectory matches holo_pdb='2LY4' apo_bmrb='17760' holo_bmrb='18709'
[WARN] No outputs subdirectory matches holo_pdb='2LZ6' apo_bmrb='17769' holo_bmrb='18737'
[WARN] No outputs subdirectory matches holo_pdb='2mbh' apo_bmrb='17769' holo_bmrb='19399'
[WARN] No outputs subdirectory matches holo_pdb='2mg5' apo_bmrb='36005' holo_bmrb='19586'
[WARN] No outputs subdirectory matches holo_pdb='5lvf' apo_bmrb='16411' holo_bmrb='34041'
[WARN] No outputs subdirectory matches holo_pdb='5m9d' apo_bmrb='16411' holo_bmrb='34058'
[WARN] No outputs subdirectory matches holo_pdb='7ZEY' apo_bmrb='34725' holo_bmrb='34727'
101 targets have csp_table_HA_CA.csv (among 135 CSV-resolved pH/temp-matched dirs)
SI Fig. S9 saved to /Users/tiburon/Desktop/GTM_Research/01_Active_Projects/new_CSP_UBQ/CSP_UBQ/figures/SF9_ha_ca.png (n=101)
EXIT:0

========== S10 ==========
[WARN] No outputs subdirectory matches holo_pdb='2RSE' apo_bmrb='16925' holo_bmrb='11471'
[WARN] No outputs subdirectory matches holo_pdb='2KID' apo_bmrb='19826' holo_bmrb='16270'
[WARN] No outputs subdirectory matches holo_pdb='2LY4' apo_bmrb='17760' holo_bmrb='18709'
[WARN] No outputs subdirectory matches holo_pdb='2LZ6' apo_bmrb='17769' holo_bmrb='18737'
[WARN] No outputs subdirectory matches holo_pdb='2mbh' apo_bmrb='17769' holo_bmrb='19399'
[WARN] No outputs subdirectory matches holo_pdb='2mg5' apo_bmrb='36005' holo_bmrb='19586'
[WARN] No outputs subdirectory matches holo_pdb='5lvf' apo_bmrb='16411' holo_bmrb='34041'
[WARN] No outputs subdirectory matches holo_pdb='5m9d' apo_bmrb='16411' holo_bmrb='34058'
[WARN] No outputs subdirectory matches holo_pdb='7ZEY' apo_bmrb='34725' holo_bmrb='34727'
121 targets pass CA row coverage > 50% (among 135 CSV-resolved; 135 with readable 1d_analysis CA columns)
SI Fig. S10 saved to /Users/tiburon/Desktop/GTM_Research/01_Active_Projects/new_CSP_UBQ/CSP_UBQ/figures/SF10_ca_inclusive.png
EXIT:0

========== S11 ==========
[WARN] No outputs subdirectory matches holo_pdb='2RSE' apo_bmrb='16925' holo_bmrb='11471'
[WARN] No outputs subdirectory matches holo_pdb='2KID' apo_bmrb='19826' holo_bmrb='16270'
[WARN] No outputs subdirectory matches holo_pdb='2LY4' apo_bmrb='17760' holo_bmrb='18709'
[WARN] No outputs subdirectory matches holo_pdb='2LZ6' apo_bmrb='17769' holo_bmrb='18737'
[WARN] No outputs subdirectory matches holo_pdb='2mbh' apo_bmrb='17769' holo_bmrb='19399'
[WARN] No outputs subdirectory matches holo_pdb='2mg5' apo_bmrb='36005' holo_bmrb='19586'
[WARN] No outputs subdirectory matches holo_pdb='5lvf' apo_bmrb='16411' holo_bmrb='34041'
[WARN] No outputs subdirectory matches holo_pdb='5m9d' apo_bmrb='16411' holo_bmrb='34058'
[WARN] No outputs subdirectory matches holo_pdb='7ZEY' apo_bmrb='34725' holo_bmrb='34727'
121 targets pass CA row coverage > 50% (among 135 CSV-resolved; 135 with readable 1d_analysis CA columns)
Average delta (N/H F1 - $C_\alpha$-inclusive F1): -0.0002
SI Fig. S11 saved to /Users/tiburon/Desktop/GTM_Research/01_Active_Projects/new_CSP_UBQ/CSP_UBQ/figures/SF11_f1_ca_vs_exclusive.png
EXIT:0

========== S12 ==========
[WARN] No outputs subdirectory matches holo_pdb='2RSE' apo_bmrb='16925' holo_bmrb='11471'
[WARN] No outputs subdirectory matches holo_pdb='2KID' apo_bmrb='19826' holo_bmrb='16270'
[WARN] No outputs subdirectory matches holo_pdb='2LY4' apo_bmrb='17760' holo_bmrb='18709'
[WARN] No outputs subdirectory matches holo_pdb='2LZ6' apo_bmrb='17769' holo_bmrb='18737'
[WARN] No outputs subdirectory matches holo_pdb='2mbh' apo_bmrb='17769' holo_bmrb='19399'
[WARN] No outputs subdirectory matches holo_pdb='2mg5' apo_bmrb='36005' holo_bmrb='19586'
[WARN] No outputs subdirectory matches holo_pdb='5lvf' apo_bmrb='16411' holo_bmrb='34041'
[WARN] No outputs subdirectory matches holo_pdb='5m9d' apo_bmrb='16411' holo_bmrb='34058'
[WARN] No outputs subdirectory matches holo_pdb='7ZEY' apo_bmrb='34725' holo_bmrb='34727'
SI Fig. S12 written to /Users/tiburon/Desktop/GTM_Research/01_Active_Projects/new_CSP_UBQ/CSP_UBQ/figures/SF12_nn_distance.png
EXIT:0

========== S13 ==========
[WARN] No outputs subdirectory matches holo_pdb='2RSE' apo_bmrb='16925' holo_bmrb='11471'
[WARN] No outputs subdirectory matches holo_pdb='2KID' apo_bmrb='19826' holo_bmrb='16270'
[WARN] No outputs subdirectory matches holo_pdb='2LY4' apo_bmrb='17760' holo_bmrb='18709'
[WARN] No outputs subdirectory matches holo_pdb='2LZ6' apo_bmrb='17769' holo_bmrb='18737'
[WARN] No outputs subdirectory matches holo_pdb='2mbh' apo_bmrb='17769' holo_bmrb='19399'
[WARN] No outputs subdirectory matches holo_pdb='2mg5' apo_bmrb='36005' holo_bmrb='19586'
[WARN] No outputs subdirectory matches holo_pdb='5lvf' apo_bmrb='16411' holo_bmrb='34041'
[WARN] No outputs subdirectory matches holo_pdb='5m9d' apo_bmrb='16411' holo_bmrb='34058'
[WARN] No outputs subdirectory matches holo_pdb='7ZEY' apo_bmrb='34725' holo_bmrb='34727'
SI Fig. S13 written to /Users/tiburon/Desktop/GTM_Research/01_Active_Projects/new_CSP_UBQ/CSP_UBQ/figures/SF13_any_atom_distance.png
EXIT:0

========== S14 ==========
121 targets pass CA coverage > 50% (of 135 candidates inspected)
n = 121 targets with paired H/N/CA F1 scores
Wrote /Users/tiburon/Desktop/GTM_Research/01_Active_Projects/new_CSP_UBQ/CSP_UBQ/figures/SF14_1d_CSP_boxplot.png
Wrote /Users/tiburon/Desktop/GTM_Research/01_Active_Projects/new_CSP_UBQ/CSP_UBQ/figures/SF14_1d_CSP_boxplot_stats.csv
  H vs N: W=3.62e+03, p_raw=0.857, p_adj(Holm)=1 (ns)
  H vs CA: W=3.48e+03, p_raw=0.693, p_adj(Holm)=1 (ns)
  N vs CA: W=3.42e+03, p_raw=0.583, p_adj(Holm)=1 (ns)
SI Fig. S14 saved to /Users/tiburon/Desktop/GTM_Research/01_Active_Projects/new_CSP_UBQ/CSP_UBQ/figures/SF14_1d_CSP_boxplot.png
EXIT:0

========== S15 ==========
[SF15] OK: /Users/tiburon/Desktop/GTM_Research/01_Active_Projects/new_CSP_UBQ/CSP_UBQ/figures/SF15_pdb_search.png
EXIT:0

========== S16 ==========
Pre-caching outputs/ metrics...
Indexed 248 outputs subdirs (243 with classifications).
Loading paired rows from CSP_UBQ.csv and apo_holo_exp_conditions.csv...
Paired rows: 243 (230 with complete buffer metadata).
Aggregating 20 pH x 19 T = 380 cells...
Wrote /Users/tiburon/Desktop/GTM_Research/01_Active_Projects/new_CSP_UBQ/CSP_UBQ/outputs/buffer_threshold_sweep/sweep_metrics.csv (380 rows).
SI Fig. S16 saved to /Users/tiburon/Desktop/GTM_Research/01_Active_Projects/new_CSP_UBQ/CSP_UBQ/figures/SF16_buffer_sweep.png
EXIT:

========== S17 ==========
[WARN] No outputs subdirectory matches holo_pdb='2RSE' apo_bmrb='16925' holo_bmrb='11471'
[WARN] No outputs subdirectory matches holo_pdb='2KID' apo_bmrb='19826' holo_bmrb='16270'
[WARN] No outputs subdirectory matches holo_pdb='2LY4' apo_bmrb='17760' holo_bmrb='18709'
[WARN] No outputs subdirectory matches holo_pdb='2LZ6' apo_bmrb='17769' holo_bmrb='18737'
[WARN] No outputs subdirectory matches holo_pdb='2mbh' apo_bmrb='17769' holo_bmrb='19399'
[WARN] No outputs subdirectory matches holo_pdb='2mg5' apo_bmrb='36005' holo_bmrb='19586'
[WARN] No outputs subdirectory matches holo_pdb='5lvf' apo_bmrb='16411' holo_bmrb='34041'
[WARN] No outputs subdirectory matches holo_pdb='5m9d' apo_bmrb='16411' holo_bmrb='34058'
[WARN] No outputs subdirectory matches holo_pdb='7ZEY' apo_bmrb='34725' holo_bmrb='34727'
Found 244 grid CSV files
Target 1CF4_18251: best_h_offset=-0.04, best_n_offset=1.2
Target 1D5G_34688: best_h_offset=0.0, best_n_offset=0.15
Target 1DDM_4683: best_h_offset=-0.01, best_n_offset=-0.05
Target 1H8B_17627: best_h_offset=-0.03, best_n_offset=-0.25
Target 1I5H_26698: best_h_offset=-0.08, best_n_offset=0.4
Target 1KLQ_52275: best_h_offset=-0.05, best_n_offset=0.45
Target 1L8C_6268: best_h_offset=-0.15, best_n_offset=-0.2
Target 1LXF_30966: best_h_offset=-0.04, best_n_offset=0.15
Target 1M4P_50765: best_h_offset=0.05, best_n_offset=0.15
Target 1N7T_18785: best_h_offset=0.01, best_n_offset=-0.05
Target 1NPQ_4232: best_h_offset=0.2, best_n_offset=0.7
Target 1ONV_27288: best_h_offset=-0.01, best_n_offset=0.1
Target 1PD7_6899: best_h_offset=0.05, best_n_offset=0.0
Target 1R8U_6268: best_h_offset=-0.06, best_n_offset=-0.3
Target 1SY9_51289: best_h_offset=0.04, best_n_offset=0.4
Target 1VJ6_5131: best_h_offset=-0.01, best_n_offset=0.05
Target 1WA7_6261: best_h_offset=-0.03, best_n_offset=-0.05
Target 1YWI_6558: best_h_offset=-0.02, best_n_offset=0.2
Target 2AFF_5959: best_h_offset=0.02, best_n_offset=1.3
Target 2B0F_5659: best_h_offset=0.04, best_n_offset=0.1
Target 2BN5_6691: best_h_offset=0.0, best_n_offset=0.05
Target 2C52_15398: best_h_offset=-0.04, best_n_offset=-0.55
Target 2CZY_27227: best_h_offset=-0.01, best_n_offset=-0.4
Target 2FFK_6809: best_h_offset=0.0, best_n_offset=0.15
Target 2FIN_6809: best_h_offset=0.0, best_n_offset=0.15
Target 2G35_15792: best_h_offset=0.05, best_n_offset=-0.1
Target 2G3Q_4769: best_h_offset=-0.02, best_n_offset=1.25
Target 2H7D_15792: best_h_offset=0.01, best_n_offset=0.0
Target 2HUG_6592: best_h_offset=0.09, best_n_offset=0.0
Target 2I94_5332: best_h_offset=0.0, best_n_offset=-0.15
Target 2IPA_6075: best_h_offset=0.06, best_n_offset=0.7
Target 2JMF_6262: best_h_offset=0.0, best_n_offset=0.1
Target 2JMX_6564: best_h_offset=0.01, best_n_offset=0.0
Target 2JQR_4566: best_h_offset=0.18, best_n_offset=0.4
Target 2JW1_15503: best_h_offset=-0.01, best_n_offset=0.05
Target 2JXC_4184: best_h_offset=0.0, best_n_offset=-0.2
Target 2JZI_51289: best_h_offset=-0.01, best_n_offset=-0.05
Target 2K17_15670: best_h_offset=0.02, best_n_offset=0.0
Target 2K6D_52081: best_h_offset=-0.01, best_n_offset=-0.2
Target 2K6Q_5958: best_h_offset=0.01, best_n_offset=0.25
Target 2K7A_5461: best_h_offset=0.12, best_n_offset=0.95
Target 2K7L_27288: best_h_offset=-0.01, best_n_offset=0.0
Target 2K8F_34231: best_h_offset=-0.02, best_n_offset=-0.1
Target 2KA4_6268: best_h_offset=-0.04, best_n_offset=0.15
Target 2KA6_4789: best_h_offset=0.01, best_n_offset=-0.05
Target 2KC8_16066: best_h_offset=0.0, best_n_offset=0.0
Target 2KE1_6374: best_h_offset=-0.02, best_n_offset=0.1
Target 2KFH_15279: best_h_offset=0.0, best_n_offset=-0.2
Target 2KFT_6374: best_h_offset=-0.03, best_n_offset=0.0
Target 2KGI_16209: best_h_offset=0.0, best_n_offset=0.15
Target 2KHS_16585: best_h_offset=0.02, best_n_offset=0.05
Target 2KID_4879: best_h_offset=-0.07, best_n_offset=0.0
Target 2KJ4_4276: best_h_offset=0.0, best_n_offset=-0.65
Target 2KJE_4789: best_h_offset=0.0, best_n_offset=-0.15
Target 2KNE_51289: best_h_offset=0.04, best_n_offset=0.3
Target 2KNH_7396: best_h_offset=-0.01, best_n_offset=0.05
Target 2KOH_27205: best_h_offset=-0.1, best_n_offset=-0.05
Target 2KPL_6911: best_h_offset=-0.12, best_n_offset=-0.85
Target 2KPZ_25349: best_h_offset=0.1, best_n_offset=0.0
Target 2KQ0_25349: best_h_offset=0.05, best_n_offset=0.25
Target 2KSP_15279: best_h_offset=-0.01, best_n_offset=-0.25
Target 2KTB_51472: best_h_offset=-0.01, best_n_offset=0.15
Target 2KVM_15674: best_h_offset=-0.05, best_n_offset=-0.15
Target 2KVQ_15490: best_h_offset=0.07, best_n_offset=0.0
Target 2KWI_15524: best_h_offset=0.08, best_n_offset=0.25
Target 2KWU_17769: best_h_offset=-0.09, best_n_offset=1.5
Target 2KWV_17769: best_h_offset=-0.12, best_n_offset=1.5
Target 2KYL_15972: best_h_offset=-0.01, best_n_offset=0.05
Target 2KZU_17018: best_h_offset=0.02, best_n_offset=0.1
Target 2L0I_16411: best_h_offset=0.03, best_n_offset=0.1
Target 2L0Y_15763: best_h_offset=-0.01, best_n_offset=-0.05
Target 2L1C_5566: best_h_offset=0.01, best_n_offset=-0.05
Target 2L1R_30966: best_h_offset=-0.05, best_n_offset=0.25
Target 2L29_17128: best_h_offset=0.09, best_n_offset=0.2
Target 2L3R_30703: best_h_offset=-0.01, best_n_offset=0.0
Target 2L4T_17254: best_h_offset=0.02, best_n_offset=0.1
Target 2L53_51289: best_h_offset=0.0, best_n_offset=0.1
Target 2L5E_50148: best_h_offset=-0.03, best_n_offset=-0.15
Target 2L6E_16555: best_h_offset=0.05, best_n_offset=0.1
Target 2L75_5555: best_h_offset=0.0, best_n_offset=-0.1
Target 2L7U_7364: best_h_offset=0.1, best_n_offset=0.2
Target 2LAS_50128: best_h_offset=-0.02, best_n_offset=-0.05
Target 2LAW_36115: best_h_offset=0.14, best_n_offset=0.05
Target 2LAY_36114: best_h_offset=0.1, best_n_offset=-0.05
Target 2LBM_15001: best_h_offset=0.01, best_n_offset=0.05
Target 2LE8_16396: best_h_offset=-0.01, best_n_offset=0.0
Target 2LGF_51289: best_h_offset=0.0, best_n_offset=-0.05
Target 2LGG_17813: best_h_offset=-0.02, best_n_offset=0.4
Target 2LGK_17813: best_h_offset=-0.02, best_n_offset=0.3
Target 2LI5_16835: best_h_offset=0.02, best_n_offset=0.0
Target 2LL6_51289: best_h_offset=0.13, best_n_offset=0.0
Target 2LL7_51289: best_h_offset=0.12, best_n_offset=0.2
Target 2LOX_6225: best_h_offset=0.0, best_n_offset=0.15
Target 2LOZ_10318: best_h_offset=0.0, best_n_offset=0.1
Target 2LP0_25142: best_h_offset=-0.04, best_n_offset=-0.05
Target 2LP8_18250: best_h_offset=0.0, best_n_offset=0.0
Target 2LSJ_18431: best_h_offset=0.05, best_n_offset=0.0
Target 2LSK_18455: best_h_offset=0.02, best_n_offset=0.0
Target 2LSP_15057: best_h_offset=-0.03, best_n_offset=-0.05
Target 2LTO_10276: best_h_offset=0.14, best_n_offset=0.0
Target 2LUE_5958: best_h_offset=0.01, best_n_offset=0.1
Target 2LV6_51289: best_h_offset=0.01, best_n_offset=-0.65
Target 2LVM_5878: best_h_offset=0.0, best_n_offset=-0.4
Target 2LVO_18581: best_h_offset=-0.03, best_n_offset=0.3
Target 2LXM_18681: best_h_offset=-0.12, best_n_offset=-0.2
Target 2LXS_6095: best_h_offset=0.03, best_n_offset=-0.15
Target 2LY4_11532: best_h_offset=0.03, best_n_offset=0.45
Target 2LZ6_6457: best_h_offset=0.0, best_n_offset=0.0
Target 2M04_18250: best_h_offset=0.16, best_n_offset=-0.2
Target 2M0G_18802: best_h_offset=-0.07, best_n_offset=0.0
Target 2M0G_19034: best_h_offset=-0.08, best_n_offset=0.0
Target 2M0J_51289: best_h_offset=-0.04, best_n_offset=-0.05
Target 2M0K_51289: best_h_offset=-0.04, best_n_offset=-0.05
Target 2M0U_18824: best_h_offset=-0.05, best_n_offset=-0.05
Target 2M0V_16637: best_h_offset=0.07, best_n_offset=0.15
Target 2M14_6225: best_h_offset=-0.02, best_n_offset=0.0
Target 2M3M_17373: best_h_offset=0.08, best_n_offset=0.0
Target 2M55_51289: best_h_offset=-0.04, best_n_offset=0.0
Target 2M5A_5656: best_h_offset=-0.02, best_n_offset=-0.3
Target 2M5B_50942: best_h_offset=0.05, best_n_offset=0.8
Target 2M86_15945: best_h_offset=0.12, best_n_offset=0.0
Target 2MBB_15410: best_h_offset=0.02, best_n_offset=0.3
Target 2MBH_15410: best_h_offset=0.01, best_n_offset=-0.15
Target 2MC6_19428: best_h_offset=0.18, best_n_offset=0.1
Target 2MCN_16641: best_h_offset=-0.01, best_n_offset=0.0
Target 2MCN_6457: best_h_offset=-0.03, best_n_offset=-0.45
Target 2MES_51289: best_h_offset=0.01, best_n_offset=-0.6
Target 2MG5_51289: best_h_offset=0.09, best_n_offset=0.25
Target 2MGU_51289: best_h_offset=-0.01, best_n_offset=-0.15
Target 2MH0_34231: best_h_offset=-0.01, best_n_offset=0.05
Target 2MJV_15057: best_h_offset=-0.06, best_n_offset=0.0
Target 2MKP_25495: best_h_offset=0.0, best_n_offset=0.2
Target 2MKR_6225: best_h_offset=-0.01, best_n_offset=0.0
Target 2MMA_19849: best_h_offset=0.05, best_n_offset=0.0
Target 2MNU_4283: best_h_offset=-0.01, best_n_offset=0.0
Target 2MNZ_19913: best_h_offset=-0.11, best_n_offset=0.5
Target 2MOW_17173: best_h_offset=0.01, best_n_offset=0.0
Target 2MPM_4155: best_h_offset=0.04, best_n_offset=0.0
Target 2MPS_6612: best_h_offset=0.0, best_n_offset=1.45
Target 2MRE_6457: best_h_offset=0.02, best_n_offset=-0.4
Target 2MS4_2208: best_h_offset=-0.02, best_n_offset=-0.6
Target 2MUR_17769: best_h_offset=-0.04, best_n_offset=-0.4
Target 2MUR_25229: best_h_offset=0.0, best_n_offset=-0.05
Target 2MV7_18094: best_h_offset=-0.01, best_n_offset=0.0
Target 2MWN_15792: best_h_offset=0.11, best_n_offset=0.0
Target 2MWO_5878: best_h_offset=-0.04, best_n_offset=-0.4
Target 2MWP_5878: best_h_offset=-0.03, best_n_offset=-0.5
Target 2MZD_34231: best_h_offset=-0.04, best_n_offset=-0.15
Target 2MZP_30966: best_h_offset=-0.03, best_n_offset=0.25
Target 2MZW_17503: best_h_offset=0.05, best_n_offset=-0.7
Target 2N0Y_6225: best_h_offset=-0.03, best_n_offset=0.0
Target 2N1A_6304: best_h_offset=-0.01, best_n_offset=0.1
Target 2N1G_18455: best_h_offset=-0.13, best_n_offset=-0.1
Target 2N23_6225: best_h_offset=-0.01, best_n_offset=0.15
Target 2N3A_34537: best_h_offset=0.06, best_n_offset=-0.05
Target 2N3K_15125: best_h_offset=-0.1, best_n_offset=-0.25
Target 2N4Q_18094: best_h_offset=-0.02, best_n_offset=-0.05
Target 2N55_52209: best_h_offset=-0.04, best_n_offset=0.8
Target 2N80_25883: best_h_offset=0.02, best_n_offset=0.0
Target 2N83_25883: best_h_offset=0.04, best_n_offset=0.0
Target 2N8J_51289: best_h_offset=0.05, best_n_offset=0.3
Target 2N8T_25866: best_h_offset=0.01, best_n_offset=0.1
Target 2N9E_6801: best_h_offset=-0.02, best_n_offset=-0.15
Target 2N9P_25913: best_h_offset=-0.06, best_n_offset=0.1
Target 2N9X_5958: best_h_offset=0.02, best_n_offset=-0.4
Target 2NBV_30824: best_h_offset=0.06, best_n_offset=0.25
Target 2NCZ_15125: best_h_offset=-0.08, best_n_offset=-0.45
Target 2ND0_15125: best_h_offset=-0.08, best_n_offset=0.25
Target 2ND1_15125: best_h_offset=-0.08, best_n_offset=0.25
Target 2NMB_4683: best_h_offset=-0.01, best_n_offset=-0.05
Target 2OJ2_4122: best_h_offset=-0.02, best_n_offset=-1.4
Target 2PLD_5318: best_h_offset=-0.14, best_n_offset=0.05
Target 2RMK_5511: best_h_offset=0.03, best_n_offset=1.3
Target 2ROL_15710: best_h_offset=-0.02, best_n_offset=0.15
Target 2ROZ_10235: best_h_offset=-0.03, best_n_offset=0.05
Target 2RQG_4915: best_h_offset=0.15, best_n_offset=-0.1
Target 2RQU_11081: best_h_offset=-0.03, best_n_offset=0.0
Target 2RR4_11362: best_h_offset=-0.01, best_n_offset=0.0
Target 2RS9_19125: best_h_offset=-0.09, best_n_offset=-0.1
Target 2RSE_50325: best_h_offset=-0.08, best_n_offset=-0.3
Target 2RSY_7141: best_h_offset=0.0, best_n_offset=-0.05
Target 2RUI_16811: best_h_offset=-0.01, best_n_offset=-0.2
Target 2RUK_4901: best_h_offset=0.12, best_n_offset=-1.1
Target 2RVB_4901: best_h_offset=0.12, best_n_offset=-1.5
Target 2YKA_16697: best_h_offset=-0.01, best_n_offset=0.0
Target 2YS5_11095: best_h_offset=0.0, best_n_offset=0.0
Target 5GOW_4901: best_h_offset=0.13, best_n_offset=-1.45
Target 5I22_4871: best_h_offset=-0.01, best_n_offset=1.5
Target 5IAY_30703: best_h_offset=-0.03, best_n_offset=0.1
Target 5J7J_51289: best_h_offset=0.01, best_n_offset=-0.6
Target 5J8H_51289: best_h_offset=-0.02, best_n_offset=0.05
Target 5JYV_30092: best_h_offset=0.1, best_n_offset=0.2
Target 5LVF_17044: best_h_offset=0.06, best_n_offset=0.1
Target 5M9D_17044: best_h_offset=0.07, best_n_offset=0.2
Target 5MF9_34068: best_h_offset=-0.18, best_n_offset=0.0
Target 5OEO_51289: best_h_offset=-0.03, best_n_offset=-0.05
Target 5TP6_51289: best_h_offset=0.18, best_n_offset=0.3
Target 5U5S_50149: best_h_offset=0.0, best_n_offset=0.0
Target 5URN_6225: best_h_offset=-0.03, best_n_offset=0.15
Target 5VF0_17769: best_h_offset=0.06, best_n_offset=-0.35
Target 5XV8_4901: best_h_offset=0.13, best_n_offset=-1.45
Target 6B1G_27072: best_h_offset=0.01, best_n_offset=-0.1
Target 6BGG_30782: best_h_offset=-0.01, best_n_offset=-0.2
Target 6BNH_15125: best_h_offset=-0.11, best_n_offset=0.2
Target 6BUT_51289: best_h_offset=0.05, best_n_offset=-0.1
Target 6CO4_30824: best_h_offset=0.08, best_n_offset=0.1
Target 6E5N_25544: best_h_offset=0.02, best_n_offset=0.1
Target 6FDP_19757: best_h_offset=0.0, best_n_offset=-0.1
Target 6FDT_19757: best_h_offset=0.01, best_n_offset=0.0
Target 6FGP_16803: best_h_offset=0.0, best_n_offset=-0.15
Target 6G04_34247: best_h_offset=-0.12, best_n_offset=-0.4
Target 6GC3_17173: best_h_offset=0.03, best_n_offset=0.0
Target 6H8C_18827: best_h_offset=0.0, best_n_offset=0.0
Target 6IJQ_18792: best_h_offset=-0.08, best_n_offset=-0.35
Target 6IVU_36220: best_h_offset=-0.02, best_n_offset=-0.05
Target 6K5R_6801: best_h_offset=-0.05, best_n_offset=-0.3
Target 6K5T_25299: best_h_offset=-0.03, best_n_offset=-0.2
Target 6OQJ_30599: best_h_offset=0.08, best_n_offset=-0.6
Target 6QXZ_27250: best_h_offset=0.0, best_n_offset=0.2
Target 6R5G_28070: best_h_offset=-0.02, best_n_offset=0.0
Target 6RH6_34394: best_h_offset=0.0, best_n_offset=0.05
Target 6U19_16620: best_h_offset=-0.03, best_n_offset=0.0
Target 6U4N_17827: best_h_offset=0.02, best_n_offset=0.15
Target 6XMN_30316: best_h_offset=0.0, best_n_offset=-0.15
Target 7F7X_17769: best_h_offset=-0.03, best_n_offset=-0.4
Target 7JQ8_30782: best_h_offset=-0.02, best_n_offset=0.25
Target 7JYN_30782: best_h_offset=-0.02, best_n_offset=-0.1
Target 7JYZ_30782: best_h_offset=-0.03, best_n_offset=0.05
Target 7KLR_30808: best_h_offset=0.02, best_n_offset=0.1
Target 7L8V_26682: best_h_offset=-0.09, best_n_offset=-0.35
Target 7NQC_51289: best_h_offset=0.03, best_n_offset=0.15
Target 7OVC_6546: best_h_offset=-0.01, best_n_offset=-0.1
Target 7PKU_50446: best_h_offset=-0.01, best_n_offset=-0.1
Target 7S5J_30926: best_h_offset=-0.03, best_n_offset=0.05
Target 7SFT_36097: best_h_offset=0.04, best_n_offset=-0.1
Target 7X5C_51441: best_h_offset=-0.09, best_n_offset=0.0
Target 7ZEY_16983: best_h_offset=-0.08, best_n_offset=0.0
Target 7ZEY_34724: best_h_offset=-0.07, best_n_offset=-0.1
Target 8SG2_27579: best_h_offset=0.02, best_n_offset=0.0
Target 9C5E_18642: best_h_offset=0.0, best_n_offset=0.0
Target 9C5E_6457: best_h_offset=-0.02, best_n_offset=-0.35
Target 9QLM_15670: best_h_offset=-0.04, best_n_offset=0.15
Target 9R3Y_26643: best_h_offset=0.02, best_n_offset=0.05
Target 17769_51647: best_h_offset=0.15, best_n_offset=-1.15
[SF16] Aggregating ideal N/H offsets for n=135 targets from CSP_UBQ_ph0.5_temp5C.csv (resolved 135 dirs)
SI Fig. S17 saved to /Users/tiburon/Desktop/GTM_Research/01_Active_Projects/new_CSP_UBQ/CSP_UBQ/figures/SF17_ideal_offsets.png
EXIT:

========== S18 ==========
[WARN] No outputs subdirectory matches holo_pdb='2RSE' apo_bmrb='16925' holo_bmrb='11471'
[WARN] No outputs subdirectory matches holo_pdb='2KID' apo_bmrb='19826' holo_bmrb='16270'
[WARN] No outputs subdirectory matches holo_pdb='2LY4' apo_bmrb='17760' holo_bmrb='18709'
[WARN] No outputs subdirectory matches holo_pdb='2LZ6' apo_bmrb='17769' holo_bmrb='18737'
[WARN] No outputs subdirectory matches holo_pdb='2mbh' apo_bmrb='17769' holo_bmrb='19399'
[WARN] No outputs subdirectory matches holo_pdb='2mg5' apo_bmrb='36005' holo_bmrb='19586'
[WARN] No outputs subdirectory matches holo_pdb='5lvf' apo_bmrb='16411' holo_bmrb='34041'
[WARN] No outputs subdirectory matches holo_pdb='5m9d' apo_bmrb='16411' holo_bmrb='34058'
[WARN] No outputs subdirectory matches holo_pdb='7ZEY' apo_bmrb='34725' holo_bmrb='34727'
Collected 135 thresholds

Holo PDBs by decreasing significance threshold:
  1KLQ_52275: 0.3526
  2I94_5332: 0.2046
  6IVU_36220: 0.2025
  2MUR_25229: 0.1995
  2MNZ_19913: 0.1712
  7KLR_30808: 0.1649
  2LXS_6095: 0.1558
  2JW1_15503: 0.1539
  2KGI_16209: 0.1525
  2KC8_16066: 0.1507
  2HUG_6592: 0.1486
  2N9P_25913: 0.1479
  2N8T_25866: 0.1347
  2G35_15792: 0.1337
  2CZY_27227: 0.1283
  5OEO_51289: 0.1271
  1H8B_17627: 0.1258
  2N9X_5958: 0.1255
  1PD7_6899: 0.1220
  1ONV_27288: 0.1161
  2K6Q_5958: 0.1155
  6OQJ_30599: 0.1134
  2M5B_50942: 0.1125
  2L6E_16555: 0.1114
  1SY9_51289: 0.1109
  2M0J_51289: 0.1101
  2M0K_51289: 0.1101
  7JYN_30782: 0.1080
  2LP8_18250: 0.1077
  7S5J_30926: 0.1067
  2JZI_51289: 0.1048
  2KWI_15524: 0.1021
  6U19_16620: 0.1020
  2K17_15670: 0.1002
  2N3K_15125: 0.0981
  7PKU_50446: 0.0974
  2ROL_15710: 0.0950
  1N7T_18785: 0.0941
  2KPL_6911: 0.0935
  6H8C_18827: 0.0915
  7SFT_36097: 0.0907
  6QXZ_27250: 0.0898
  5VF0_17769: 0.0897
  6BGG_30782: 0.0893
  7JYZ_30782: 0.0881
  9QLM_15670: 0.0877
  2MC6_19428: 0.0873
  7JQ8_30782: 0.0866
  2N3A_34537: 0.0831
  2MUR_17769: 0.0820
  6R5G_28070: 0.0809
  2ROZ_10235: 0.0798
  5J8H_51289: 0.0779
  1D5G_34688: 0.0770
  2RQG_4915: 0.0763
  2LGF_51289: 0.0760
  2LGK_17813: 0.0729
  5I22_4871: 0.0711
  2LVM_5878: 0.0710
  1R8U_6268: 0.0707
  2BN5_6691: 0.0705
  6E5N_25544: 0.0691
  2L75_5555: 0.0677
  2KVM_15674: 0.0629
  2KOH_27205: 0.0622
  2M0G_19034: 0.0616
  2RUI_16811: 0.0606
  2LGG_17813: 0.0605
  1VJ6_5131: 0.0593
  1YWI_6558: 0.0581
  6FDP_19757: 0.0576
  2M0U_18824: 0.0575
  2L4T_17254: 0.0575
  2MWP_5878: 0.0542
  9R3Y_26643: 0.0530
  2L3R_30703: 0.0528
  2KTB_51472: 0.0520
  2LXM_18681: 0.0519
  2JXC_4184: 0.0515
  2K7L_27288: 0.0511
  2LBM_15001: 0.0508
  1DDM_4683: 0.0500
  1WA7_6261: 0.0500
  2B0F_5659: 0.0500
  2FFK_6809: 0.0500
  2FIN_6809: 0.0500
  2IPA_6075: 0.0500
  2JMF_6262: 0.0500
  2JMX_6564: 0.0500
  2K6D_52081: 0.0500
  2K7A_5461: 0.0500
  2K8F_34231: 0.0500
  2KHS_16585: 0.0500
  2KSP_15279: 0.0500
  2KYL_15972: 0.0500
  2KZU_17018: 0.0500
  2L0Y_15763: 0.0500
  2L29_17128: 0.0500
  2L5E_50148: 0.0500
  2LE8_16396: 0.0500
  2LI5_16835: 0.0500
  2LOZ_10318: 0.0500
  2LP0_25142: 0.0500
  2LSK_18455: 0.0500
  2LSP_15057: 0.0500
  2LVO_18581: 0.0500
  2M0G_18802: 0.0500
  2MCN_16641: 0.0500
  2MES_51289: 0.0500
  2MJV_15057: 0.0500
  2MOW_17173: 0.0500
  2MWO_5878: 0.0500
  2N1G_18455: 0.0500
  2N55_52209: 0.0500
  2N80_25883: 0.0500
  2NCZ_15125: 0.0500
  2ND0_15125: 0.0500
  2ND1_15125: 0.0500
  2NMB_4683: 0.0500
  2OJ2_4122: 0.0500
  2PLD_5318: 0.0500
  2RR4_11362: 0.0500
  2YKA_16697: 0.0500
  2YS5_11095: 0.0500
  5MF9_34068: 0.0500
  5U5S_50149: 0.0500
  6BNH_15125: 0.0500
  6FDT_19757: 0.0500
  6G04_34247: 0.0500
  6GC3_17173: 0.0500
  6RH6_34394: 0.0500
  6U4N_17827: 0.0500
  7X5C_51441: 0.0500
  8SG2_27579: 0.0500
  9C5E_18642: 0.0500
  Min: 0.0500
  Max: 0.3526
  Mean: 0.0804
  Median: 0.0605
SI Fig. S18 written to /Users/tiburon/Desktop/GTM_Research/01_Active_Projects/new_CSP_UBQ/CSP_UBQ/figures/SF18_significance_threshold.png
EXIT:

========== S19 ==========
[WARN] No outputs subdirectory matches holo_pdb='2RSE' apo_bmrb='16925' holo_bmrb='11471'
[WARN] No outputs subdirectory matches holo_pdb='2KID' apo_bmrb='19826' holo_bmrb='16270'
[WARN] No outputs subdirectory matches holo_pdb='2LY4' apo_bmrb='17760' holo_bmrb='18709'
[WARN] No outputs subdirectory matches holo_pdb='2LZ6' apo_bmrb='17769' holo_bmrb='18737'
[WARN] No outputs subdirectory matches holo_pdb='2mbh' apo_bmrb='17769' holo_bmrb='19399'
[WARN] No outputs subdirectory matches holo_pdb='2mg5' apo_bmrb='36005' holo_bmrb='19586'
[WARN] No outputs subdirectory matches holo_pdb='5lvf' apo_bmrb='16411' holo_bmrb='34041'
[WARN] No outputs subdirectory matches holo_pdb='5m9d' apo_bmrb='16411' holo_bmrb='34058'
[WARN] No outputs subdirectory matches holo_pdb='7ZEY' apo_bmrb='34725' holo_bmrb='34727'
SI Fig. S19 saved to /Users/tiburon/Desktop/GTM_Research/01_Active_Projects/new_CSP_UBQ/CSP_UBQ/figures/SF19_f1_vs_mcc.png
EXIT:

========== S20 ==========
[WARN] No outputs subdirectory matches holo_pdb='2RSE' apo_bmrb='16925' holo_bmrb='11471'
[WARN] No outputs subdirectory matches holo_pdb='2KID' apo_bmrb='19826' holo_bmrb='16270'
[WARN] No outputs subdirectory matches holo_pdb='2LY4' apo_bmrb='17760' holo_bmrb='18709'
[WARN] No outputs subdirectory matches holo_pdb='2LZ6' apo_bmrb='17769' holo_bmrb='18737'
[WARN] No outputs subdirectory matches holo_pdb='2mbh' apo_bmrb='17769' holo_bmrb='19399'
[WARN] No outputs subdirectory matches holo_pdb='2mg5' apo_bmrb='36005' holo_bmrb='19586'
[WARN] No outputs subdirectory matches holo_pdb='5lvf' apo_bmrb='16411' holo_bmrb='34041'
[WARN] No outputs subdirectory matches holo_pdb='5m9d' apo_bmrb='16411' holo_bmrb='34058'
[WARN] No outputs subdirectory matches holo_pdb='7ZEY' apo_bmrb='34725' holo_bmrb='34727'
[fig3-thresholds] Collecting distances for max(0.05 ppm, cleaned mean) (significant)
  TP=1332 FP=3023 FN=882 TN=7031
[fig3-thresholds] Collecting distances for Cleaned mean + 1 SD (significant_1sd)
  TP=1024 FP=1921 FN=1190 TN=8133
[fig3-thresholds] Collecting distances for Cleaned mean + 2 SD (significant_2sd)
  TP=670 FP=1040 FN=1544 TN=9014
[fig3-thresholds] Collecting distances for Top 10% (significant_top_10_percentile)
  TP=565 FP=728 FN=1649 TN=9326
[fig3-thresholds] Collecting distances for Top 5% (significant_top_5_percentile)
  TP=319 FP=361 FN=1895 TN=9693
[fig3-thresholds] Collecting distances for 0.03 ppm (significant_03_ppm)
  TP=1887 FP=6092 FN=327 TN=3962
[fig3-thresholds] Collecting distances for 0.05 ppm (significant_05_ppm)
  TP=1540 FP=3992 FN=674 TN=6062
[fig3-thresholds] Collecting distances for 0.10 ppm (significant_10_ppm)
  TP=1131 FP=2331 FN=1083 TN=7723
[fig3-thresholds] Collecting distances for Raw mean (significant_raw_mean)
  TP=1241 FP=2545 FN=973 TN=7509
[fig3-thresholds] Collecting distances for Raw mean + 1 SD (significant_raw_1sd)
  TP=587 FP=789 FN=1627 TN=9265
[fig3-thresholds] Collecting distances for Raw mean + 2 SD (significant_raw_2sd)
  TP=274 FP=319 FN=1940 TN=9735
[fig3-thresholds] Collecting distances for Cleaned mean (significant_sigma_0)
  TP=1482 FP=3877 FN=732 TN=6177
Figure written to /Users/tiburon/Desktop/GTM_Research/01_Active_Projects/new_CSP_UBQ/CSP_UBQ/figures/SF20_figure_3_thresholds.png
EXIT:

========== S21 ==========
[WARN] No outputs subdirectory matches holo_pdb='2RSE' apo_bmrb='16925' holo_bmrb='11471'
[WARN] No outputs subdirectory matches holo_pdb='2KID' apo_bmrb='19826' holo_bmrb='16270'
[WARN] No outputs subdirectory matches holo_pdb='2LY4' apo_bmrb='17760' holo_bmrb='18709'
[WARN] No outputs subdirectory matches holo_pdb='2LZ6' apo_bmrb='17769' holo_bmrb='18737'
[WARN] No outputs subdirectory matches holo_pdb='2mbh' apo_bmrb='17769' holo_bmrb='19399'
[WARN] No outputs subdirectory matches holo_pdb='2mg5' apo_bmrb='36005' holo_bmrb='19586'
[WARN] No outputs subdirectory matches holo_pdb='5lvf' apo_bmrb='16411' holo_bmrb='34041'
[WARN] No outputs subdirectory matches holo_pdb='5m9d' apo_bmrb='16411' holo_bmrb='34058'
[WARN] No outputs subdirectory matches holo_pdb='7ZEY' apo_bmrb='34725' holo_bmrb='34727'
[SF20] Ideal sequence match (n=83): collected from CSP_UBQ_ph0.5_temp5C_ideal_sequence_match.csv
[SF20] Non-ideal sequence match (n=40): collected from CSP_UBQ_ph0.5_temp5C_non_ideal_sequence_match.csv
[SF20] pH/temp matched (n=135): collected from CSP_UBQ_ph0.5_temp5C.csv
[SF20] Full CSPdb (n=243): collected from CSP_UBQ.csv
Wrote /Users/tiburon/Desktop/GTM_Research/01_Active_Projects/new_CSP_UBQ/CSP_UBQ/figures/SF21_fp_percent_distribution_cleaned_mean.png
EXIT:

========== S22 ==========
[WARN] No outputs subdirectory matches holo_pdb='2L75' apo_bmrb='17285' holo_bmrb='17344'
Figure 3A written to /Users/tiburon/Desktop/GTM_Research/01_Active_Projects/new_CSP_UBQ/CSP_UBQ/figures/figure_3_a_same_author_list.png
Figure 3B written to /Users/tiburon/Desktop/GTM_Research/01_Active_Projects/new_CSP_UBQ/CSP_UBQ/figures/figure_3_b_same_author_list.png
Combined Figure 3 written to /Users/tiburon/Desktop/GTM_Research/01_Active_Projects/new_CSP_UBQ/CSP_UBQ/figures/SF22_figure_3_combined_same_author_list.png
EXIT:

========== S23 ==========
[SF23A] Wrote /Users/tiburon/Desktop/GTM_Research/01_Active_Projects/new_CSP_UBQ/CSP_UBQ/figures/SF23A_apo_apo_52080_52079.png (from /Users/tiburon/Desktop/GTM_Research/01_Active_Projects/new_CSP_UBQ/CSP_UBQ/figures/selected_apo_apo_controls/52080_52079.png)
[SF23B] Wrote /Users/tiburon/Desktop/GTM_Research/01_Active_Projects/new_CSP_UBQ/CSP_UBQ/figures/SF23B_apo_apo_28070_28071.png (from /Users/tiburon/Desktop/GTM_Research/01_Active_Projects/new_CSP_UBQ/CSP_UBQ/figures/selected_apo_apo_controls/28070_28071.png)
[SF23C] Wrote /Users/tiburon/Desktop/GTM_Research/01_Active_Projects/new_CSP_UBQ/CSP_UBQ/figures/SF23C_apo_apo_34000_34001.png (from /Users/tiburon/Desktop/GTM_Research/01_Active_Projects/new_CSP_UBQ/CSP_UBQ/figures/selected_apo_apo_controls/34000_34001.png)
[SF23D] Wrote /Users/tiburon/Desktop/GTM_Research/01_Active_Projects/new_CSP_UBQ/CSP_UBQ/figures/SF23D_apo_apo_34394_6354.png (from /Users/tiburon/Desktop/GTM_Research/01_Active_Projects/new_CSP_UBQ/CSP_UBQ/figures/selected_apo_apo_controls/34394_6354.png)
[SF23E] Wrote /Users/tiburon/Desktop/GTM_Research/01_Active_Projects/new_CSP_UBQ/CSP_UBQ/figures/SF23E_apo_apo_17769_51725.png (from /Users/tiburon/Desktop/GTM_Research/01_Active_Projects/new_CSP_UBQ/CSP_UBQ/figures/selected_apo_apo_controls/17769_51725.png)
EXIT:

========== S24 ==========
[SF23] Wrote /Users/tiburon/Desktop/GTM_Research/01_Active_Projects/new_CSP_UBQ/CSP_UBQ/figures/SF24_terminal_anchor_vs_global.png (from /Users/tiburon/Desktop/GTM_Research/01_Active_Projects/new_CSP_UBQ/CSP_UBQ/outputs/hsqc_overlay_anchor_vs_global_all.png)
EXIT:

========== S25 ==========
Wrote /Users/tiburon/Desktop/GTM_Research/01_Active_Projects/new_CSP_UBQ/CSP_UBQ/figures/SF25_csp_vs_distance_panels.png
EXIT:

========== S26 ==========
[SF26] Wrote /Users/tiburon/Desktop/GTM_Research/01_Active_Projects/new_CSP_UBQ/CSP_UBQ/figures/SF26_2FIN_case_study_z.png (from /Users/tiburon/Desktop/GTM_Research/01_Active_Projects/new_CSP_UBQ/CSP_UBQ/outputs/2FIN_6809/2FIN_case_study_z.png)
EXIT:
