/Users/tiburon/Desktop/GTM_Research/01_Active_Projects/new_CSP_UBQ/CSP_UBQ/scripts/csp.py:1013: UserWarning: Adding colorbar to a different Figure <Figure size 400x350 with 2 Axes> than <Figure size 400x350 with 1 Axes> which fig.colorbar is called on.
  cbar = plt.colorbar(im, ax=ax, orientation='horizontal', pad=0.25, shrink=0.8, aspect=25)
/Users/tiburon/Desktop/GTM_Research/01_Active_Projects/new_CSP_UBQ/CSP_UBQ/scripts/csp.py:1013: UserWarning: Adding colorbar to a different Figure <Figure size 400x350 with 2 Axes> than <Figure size 400x350 with 2 Axes> which fig.colorbar is called on.
  cbar = plt.colorbar(im, ax=ax, orientation='horizontal', pad=0.25, shrink=0.8, aspect=25)
/Users/tiburon/Desktop/GTM_Research/01_Active_Projects/new_CSP_UBQ/CSP_UBQ/scripts/csp.py:1013: UserWarning: Adding colorbar to a different Figure <Figure size 400x350 with 2 Axes> than <Figure size 400x350 with 0 Axes> which fig.colorbar is called on.
  cbar = plt.colorbar(im, ax=ax, orientation='horizontal', pad=0.25, shrink=0.8, aspect=25)
[WARN] 10235_10239: HSQC plot failed: 
$^{15}$N $\delta$ (ppm)
^
ParseException: Expected end of text, found '$'  (at char 0), (line:1, col:1)
[WARN] 10235_10237: HSQC plot failed: 

^
ParseException: exception raised in parse action  (at char 0), (line:1, col:1)
[WARN] 10235_10237: CSP distribution plot failed: 

^
ParseException: exception raised in parse action  (at char 0), (line:1, col:1)
[WARN] 10235_10238: HSQC plot failed: 

^
ParseException: exception raised in parse action  (at char 0), (line:1, col:1)Processing 39 apo–apo pairs (referencing=grid)
[PAIR] 10235_10237 → ok n_csp=121

[PAIR] 10235_10239 → FAIL (hsqc_failed:
$^{15}$N $\delta$ (ppm)
^
ParseException: Expected end of text, found '$'  (at char 0), (line:1, col:1)) n_csp=117
[PAIR] 10235_10238 → FAIL (hsqc_failed:

^
ParseException: exception raised in parse action  (at char 0), (line:1, col:1)) n_csp=117
[WARN] 17769_51647: HSQC plot failed: 

^
ParseException: exception raised in parse action  (at char 0), (line:1, col:1)
[PAIR] 15398_16363 → ok n_csp=48
/Users/tiburon/Desktop/GTM_Research/01_Active_Projects/new_CSP_UBQ/CSP_UBQ/scripts/csp.py:1048: UserWarning: Tight layout not applied. The bottom and top margins cannot be made large enough to accommodate all Axes decorations.
  plt.tight_layout(pad=1.5)
[PAIR] 17044_16412 → ok n_csp=122
[PAIR] 17769_51647 → FAIL (hsqc_failed:

^
ParseException: exception raised in parse action  (at char 0), (line:1, col:1)) n_csp=70
[PAIR] 17769_52078 → FAIL (csp_failed:

^
ParseException: exception raised in parse action  (at char 0), (line:1, col:1)) n_csp=0
[PAIR] 17769_36652 → ok n_csp=70
/Users/tiburon/Desktop/GTM_Research/01_Active_Projects/new_CSP_UBQ/CSP_UBQ/scripts/visualize.py:2029: UserWarning: No artists with labels found to put in legend.  Note that artists whose label start with an underscore are ignored when legend() is called with no argument.
  plt.legend()
[PAIR] 17769_52115 → FAIL (csp_failed:

^
ParseException: exception raised in parse action  (at char 0), (line:1, col:1)) n_csp=0
[PAIR] 17769_51721 → ok n_csp=69
[PAIR] 17769_51725 → ok n_csp=69
[PAIR] 17769_52108 → ok n_csp=70
[PAIR] 17769_52139 → ok n_csp=70
[PAIR] 17813_11453 → ok n_csp=57
[PAIR] 17769_53493 → ok n_csp=70
[PAIR] 26682_26685 → FAIL (csp_failed:

^
ParseException: exception raised in parse action  (at char 0), (line:1, col:1)) n_csp=0
[PAIR] 26682_26681 → ok n_csp=138
[WARN] 26682_34496: HSQC plot failed: 

^
ParseException: exception raised in parse action  (at char 0), (line:1, col:1)
[PAIR] 26682_26683 → ok n_csp=134
[PAIR] 26682_34496 → FAIL (hsqc_failed:

^
ParseException: exception raised in parse action  (at char 0), (line:1, col:1)) n_csp=138
[PAIR] 26682_26686 → ok n_csp=129
[PAIR] 26682_30195 → ok n_csp=138
[WARN] 26682_34497: HSQC plot failed: 
$^{1}$H $\delta$ (ppm)
        ^
ParseException: Expected end of text, found '$'  (at char 8), (line:1, col:9)
/Users/tiburon/Desktop/GTM_Research/01_Active_Projects/new_CSP_UBQ/CSP_UBQ/scripts/visualize.py:2009: RuntimeWarning: More than 20 figures have been opened. Figures created through the pyplot interface (`matplotlib.pyplot.figure`) are retained until explicitly closed and may consume too much memory. (To control this warning, see the rcParam `figure.max_open_warning`). Consider using `matplotlib.pyplot.close()`.
  plt.figure(figsize=(12, 6))
[WARN] 28070_28071: HSQC plot failed: 
$^{1}$H $\delta$ (ppm)
        ^
ParseException: Expected end of text, found '$'  (at char 8), (line:1, col:9)
[WARN] 28070_28071: CSP distribution plot failed: The number of FixedLocator locations (140), usually from a call to set_ticks, does not match the number of labels (108).
[PAIR] 28070_28071 → FAIL (hsqc_failed:
$^{1}$H $\delta$ (ppm)
        ^
ParseException: Expected end of text, found '$'  (at char 8), (line:1, col:9)) n_csp=108
[PAIR] 26682_34497 → FAIL (hsqc_failed:
$^{1}$H $\delta$ (ppm)
        ^
ParseException: Expected end of text, found '$'  (at char 8), (line:1, col:9)) n_csp=140
[WARN] 30966_30963: CSP distribution plot failed: 

^
ParseException: exception raised in parse action  (at char 0), (line:1, col:1)
[PAIR] 30966_30963 → ok n_csp=124
[PAIR] 30966_30962 → ok n_csp=124
[PAIR] 34000_34001 → FAIL (csp_failed:
Number of aligned peaks ($\Delta\delta$ < 0.05 ppm)
                         ^
ParseException: Expected end of text, found '$'  (at char 25), (line:1, col:26)) n_csp=0
[PAIR] 30966_30967 → FAIL (csp_failed:
Number of aligned peaks ($\Delta\delta$ < 0.05 ppm)
                         ^
ParseException: Expected end of text, found '$'  (at char 25), (line:1, col:26)) n_csp=0
[PAIR] 30966_30965 → ok n_csp=124
[WARN] 34000_34002: HSQC plot failed: 

^
ParseException: exception raised in parse action  (at char 0), (line:1, col:1)
[PAIR] 34000_34002 → FAIL (hsqc_failed:

^
ParseException: exception raised in parse action  (at char 0), (line:1, col:1)) n_csp=63
[PAIR] 30966_30968 → ok n_csp=119
[PAIR] 34537_34179 → ok n_csp=86
[PAIR] 34394_6354 → ok n_csp=119
[PAIR] 34537_34180 → ok n_csp=86
[PAIR] 34537_34181 → ok n_csp=85
[PAIR] 34537_34182 → ok n_csp=84
[WARN] 50765_30285: HSQC plot failed: 
$^{15}$N $\delta$ (ppm)
^
ParseException: Expected end of text, found '$'  (at char 0), (line:1, col:1)
[PAIR] 52080_52079 → FAIL (csp_failed:

^
ParseException: exception raised in parse action  (at char 0), (line:1, col:1)) n_csp=0
[PAIR] 34688_34689 → ok n_csp=86
[PAIR] 50765_30285 → FAIL (hsqc_failed:
$^{15}$N $\delta$ (ppm)
^
ParseException: Expected end of text, found '$'  (at char 0), (line:1, col:1)) n_csp=130
[PAIR] 52080_52081 → ok n_csp=149
Done: 25 ok, 14 failed out of 39
Wrote /Users/tiburon/Desktop/GTM_Research/01_Active_Projects/new_CSP_UBQ/CSP_UBQ/outputs/apo_apo_matches/apo_apo_csp_run_summary.csv
Processing 14 apo–apo pairs (referencing=grid)
[PAIR] 10235_10238 ...
  → ok n_csp=117
[PAIR] 10235_10239 ...
  → ok n_csp=117
[PAIR] 17769_51647 ...
  → ok n_csp=70
[PAIR] 17769_52078 ...
  → ok n_csp=70
[PAIR] 17769_52115 ...
  → ok n_csp=70
[PAIR] 26682_26685 ...
  → ok n_csp=143
[PAIR] 26682_34496 ...
  → ok n_csp=138
[PAIR] 26682_34497 ...
  → ok n_csp=140
[PAIR] 28070_28071 ...
  → ok n_csp=108
[PAIR] 30966_30967 ...
  → ok n_csp=124
[PAIR] 34000_34001 ...
  → ok n_csp=64
[PAIR] 34000_34002 ...
  → ok n_csp=63
[PAIR] 50765_30285 ...
  → ok n_csp=130
[PAIR] 52080_52079 ...
  → ok n_csp=151
Done: 14 ok, 0 failed out of 14
Wrote /Users/tiburon/Desktop/GTM_Research/01_Active_Projects/new_CSP_UBQ/CSP_UBQ/outputs/apo_apo_matches/apo_apo_csp_run_summary.csv
